I'm sorry, but errors were detected in your script. Please correct the
errors listed below, and try again.


File "game/init.rpy", line 227: 'text_size' is not a keyword argument or valid child of the text statement.
    text_size 60
             ^

Ren'Py Version: Ren'Py 8.3.2.24090902
Fri Dec  6 14:18:34 2024
